
> Task :eventDeploy
Not running deploy task, skipping commit

> Task :createVersionFile
createVersionFile called. Path C:\Users\david\dev\robotics\frc\MARSLib\src\main\java\frc\robot

> Task :spotlessInternalRegisterDependencies UP-TO-DATE
> Task :spotlessGroovyGradle UP-TO-DATE
> Task :spotlessGroovyGradleApply UP-TO-DATE
> Task :spotlessJava
> Task :spotlessJavaApply
> Task :spotlessJson UP-TO-DATE
> Task :spotlessJsonApply UP-TO-DATE
> Task :spotlessMisc UP-TO-DATE
> Task :spotlessMiscApply UP-TO-DATE
> Task :spotlessApply
> Task :compileJava
> Task :processResources NO-SOURCE
> Task :classes

> Task :compileTestJava FAILED
Compilation Error!
GradleRIO detected this build failed due to a Compile Error (compileTestJava).
Check that all your files are saved, then scroll up in this log for more information.
[Incubating] Problems report is available at: file:///C:/Users/david/dev/robotics/frc/MARSLib/build/reports/problems/problems-report.html
13 actionable tasks: 6 executed, 7 up-to-date
